13:07:51 **** Incremental Build of configuration Debug for project video_project ****
make all 
make --no-print-directory pre-build
a9-linaro-pre-build-step
' '
make --no-print-directory main-build
'Building file: ../src/utils.cpp'
'Invoking: ARM v7 g++ compiler'
arm-none-eabi-g++ -Wall -O0 -g3 -c -fmessage-length=0 -MT"src/utils.o" -mcpu=cortex-a9 -mfpu=vfpv3 -mfloat-abi=hard -IC:/Users/nlaga/Desktop/SFU/Spring2025/Ensc452/final_workspace/final_platform/export/final_platform/sw/final_platform/standalone_ps7_cortexa9_1/bspinclude/include -MMD -MP -MF"src/utils.d" -MT"src/utils.o" -o "src/utils.o" "../src/utils.cpp"
In file included from ../src/config.h:13,
                 from ../src/game.h:4,
                 from ../src/utils.h:4,
                 from ../src/utils.cpp:1:
C:/Users/nlaga/Desktop/SFU/Spring2025/Ensc452/final_workspace/final_platform/export/final_platform/sw/final_platform/standalone_ps7_cortexa9_1/bspinclude/include/xtime_l.h:65:70: note: #pragma message: For the sleep routines, Global timer is being used
   65 | #pragma message ("For the sleep routines, Global timer is being used")
      |                                                                      ^
'Finished building: ../src/utils.cpp'
' '
'Building target: video_project.elf'
'Invoking: ARM v7 g++ linker'
arm-none-eabi-g++ -mcpu=cortex-a9 -mfpu=vfpv3 -mfloat-abi=hard -Wl,-build-id=none -specs=Xilinx.spec -Wl,-T -Wl,../src/lscript.ld -LC:/Users/nlaga/Desktop/SFU/Spring2025/Ensc452/final_workspace/final_platform/export/final_platform/sw/final_platform/standalone_ps7_cortexa9_1/bsplib/lib -o "video_project.elf"  ./src/config.o ./src/game.o ./src/main.o ./src/utils.o   -Wl,--start-group,-lxil,-lgcc,-lc,-lstdc++,--end-group
'Finished building target: video_project.elf'
' '
'Invoking: ARM v7 Print Size'
arm-none-eabi-size video_project.elf  |tee "video_project.elf.size"
   text	   data	    bss	    dec	    hex	filename
 609806	   3844	6312608	6926258	 69afb2	video_project.elf
'Finished building: video_project.elf.size'
' '

13:07:53 Build Finished (took 1s.877ms)

